2026-04-19 00:20:34,005 - email_utils - ERROR - [ThreadPoolExecutor-0_0] - IMAP错误: [Error="NoPrimarySmtpAddress" AuthResultFromPopImapEnd=24 Proxy=SL2P216MB2958.KORP216.PROD.OUTLOOK.COM:1993:SSL Service=Imap4] User is authenticated but not connected.
2026-04-19 00:20:36,791 - email_utils - ERROR - [ThreadPoolExecutor-0_0] - IMAP错误: [Error="NoPrimarySmtpAddress" AuthResultFromPopImapEnd=24 Proxy=SE2P216MB3206.KORP216.PROD.OUTLOOK.COM:1993:SSL Service=Imap4] User is authenticated but not connected.
2026-04-19 00:20:39,567 - email_utils - ERROR - [ThreadPoolExecutor-0_0] - IMAP错误: [Error="NoPrimarySmtpAddress" AuthResultFromPopImapEnd=24 Proxy=PUUP216MB3401.KORP216.PROD.OUTLOOK.COM:1993:SSL Service=Imap4] User is authenticated but not connected.
2026-04-19 00:20:52,307 - email_utils - ERROR - [ThreadPoolExecutor-0_0] - IMAP错误: [Error="NoPrimarySmtpAddress" AuthResultFromPopImapEnd=24 Proxy=SLXP216MB1115.KORP216.PROD.OUTLOOK.COM:1993:SSL Service=Imap4] User is authenticated but not connected.
2026-04-19 00:20:55,131 - email_utils - ERROR - [ThreadPoolExecutor-0_0] - IMAP错误: [Error="NoPrimarySmtpAddress" AuthResultFromPopImapEnd=24 Proxy=SE2P216MB1972.KORP216.PROD.OUTLOOK.COM:1993:SSL Service=Imap4] User is authenticated but not connected.
2026-04-19 00:20:57,906 - email_utils - ERROR - [ThreadPoolExecutor-0_0] - IMAP错误: [Error="NoPrimarySmtpAddress" AuthResultFromPopImapEnd=24 Proxy=PU4P216MB1406.KORP216.PROD.OUTLOOK.COM:1993:SSL Service=Imap4] User is authenticated but not connected.
2026-04-19 00:21:09,612 - email_utils - ERROR - [ThreadPoolExecutor-1_0] - IMAP错误: [Error="NoPrimarySmtpAddress" AuthResultFromPopImapEnd=24 Proxy=SE1P216MB1302.KORP216.PROD.OUTLOOK.COM:1993:SSL Service=Imap4] User is authenticated but not connected.
2026-04-19 00:21:12,436 - email_utils - ERROR - [ThreadPoolExecutor-1_0] - IMAP错误: [Error="NoPrimarySmtpAddress" AuthResultFromPopImapEnd=24 Proxy=SL2P216MB2798.KORP216.PROD.OUTLOOK.COM:1993:SSL Service=Imap4] User is authenticated but not connected.
2026-04-19 00:21:15,601 - email_utils - ERROR - [ThreadPoolExecutor-1_0] - IMAP错误: [Error="NoPrimarySmtpAddress" AuthResultFromPopImapEnd=24 Proxy=SEWP216MB2879.KORP216.PROD.OUTLOOK.COM:1993:SSL Service=Imap4] User is authenticated but not connected.
2026-04-19 00:22:10,499 - email_utils - ERROR - [ThreadPoolExecutor-1_0] - IMAP错误: [Error="NoPrimarySmtpAddress" AuthResultFromPopImapEnd=24 Proxy=PU4P216MB1501.KORP216.PROD.OUTLOOK.COM:1993:SSL Service=Imap4] User is authenticated but not connected.
2026-04-19 00:22:13,642 - email_utils - ERROR - [ThreadPoolExecutor-1_0] - IMAP错误: [Error="NoPrimarySmtpAddress" AuthResultFromPopImapEnd=24 Proxy=PUVP216MB3204.KORP216.PROD.OUTLOOK.COM:1993:SSL Service=Imap4] User is authenticated but not connected.
2026-04-19 00:22:16,446 - email_utils - ERROR - [ThreadPoolExecutor-1_0] - IMAP错误: [Error="NoPrimarySmtpAddress" AuthResultFromPopImapEnd=24 Proxy=SE5P216MB3215.KORP216.PROD.OUTLOOK.COM:1993:SSL Service=Imap4] User is authenticated but not connected.
2026-04-19 00:23:08,988 - email_utils - ERROR - [ThreadPoolExecutor-1_0] - 刷新令牌过程中发生异常: HTTPSConnectionPool(host='login.microsoftonline.com', port=443): Max retries exceeded with url: /common/oauth2/v2.0/token (Caused by SSLError(SSLEOFError(8, '[SSL: UNEXPECTED_EOF_WHILE_READING] EOF occurred in violation of protocol (_ssl.c:1020)')))
2026-04-19 13:01:48,359 - email_utils - ERROR - [ThreadPoolExecutor-1_0] - IMAP错误: [Error="NoPrimarySmtpAddress" AuthResultFromPopImapEnd=24 Proxy=SEYPR02MB8734.apcprd02.prod.outlook.com:1993:SSL Service=Imap4] User is authenticated but not connected.
2026-04-19 13:01:51,524 - email_utils - ERROR - [ThreadPoolExecutor-1_0] - IMAP错误: [Error="NoPrimarySmtpAddress" AuthResultFromPopImapEnd=24 Proxy=SEYPR02MB8755.apcprd02.PROD.OUTLOOK.COM:1993:SSL Service=Imap4] User is authenticated but not connected.
2026-04-19 13:01:54,531 - email_utils - ERROR - [ThreadPoolExecutor-1_0] - IMAP错误: [Error="NoPrimarySmtpAddress" AuthResultFromPopImapEnd=24 Proxy=KL1PR06MB6321.apcprd06.prod.outlook.com:1993:SSL Service=Imap4] User is authenticated but not connected.
2026-04-19 13:02:23,715 - email_utils - ERROR - [ThreadPoolExecutor-0_0] - IMAP错误: [Error="NoPrimarySmtpAddress" AuthResultFromPopImapEnd=24 Proxy=SI6PR01MB7026.apcprd01.prod.exchangelabs.com:1993:SSL Service=Imap4] User is authenticated but not connected.
2026-04-19 13:02:26,992 - email_utils - ERROR - [ThreadPoolExecutor-0_0] - IMAP错误: [Error="NoPrimarySmtpAddress" AuthResultFromPopImapEnd=24 Proxy=TY0PR0101MB4119.apcprd01.prod.exchangelabs.com:1993:SSL Service=Imap4] User is authenticated but not connected.
2026-04-19 13:02:30,024 - email_utils - ERROR - [ThreadPoolExecutor-0_0] - IMAP错误: [Error="NoPrimarySmtpAddress" AuthResultFromPopImapEnd=24 Proxy=PUZPR03MB6157.apcprd03.prod.outlook.com:1993:SSL Service=Imap4] User is authenticated but not connected.
2026-04-19 13:02:50,284 - email_utils - ERROR - [ThreadPoolExecutor-1_0] - IMAP错误: [Error="NoPrimarySmtpAddress" AuthResultFromPopImapEnd=24 Proxy=SEYPR02MB8666.apcprd02.prod.outlook.com:1993:SSL Service=Imap4] User is authenticated but not connected.
2026-04-19 13:02:53,125 - email_utils - ERROR - [ThreadPoolExecutor-1_0] - IMAP错误: [Error="NoPrimarySmtpAddress" AuthResultFromPopImapEnd=24 Proxy=KU2PPF588450D74.apcprd06.PROD.OUTLOOK.COM:1993:SSL Service=Imap4] User is authenticated but not connected.
2026-04-19 13:02:56,322 - email_utils - ERROR - [ThreadPoolExecutor-1_0] - IMAP错误: [Error="NoPrimarySmtpAddress" AuthResultFromPopImapEnd=24 Proxy=TYZPR06MB6826.apcprd06.prod.outlook.com:1993:SSL Service=Imap4] User is authenticated but not connected.
2026-04-19 13:03:49,796 - email_utils - ERROR - [ThreadPoolExecutor-1_0] - IMAP错误: [Error="NoPrimarySmtpAddress" AuthResultFromPopImapEnd=24 Proxy=JH0PR02MB7678.apcprd02.prod.outlook.com:1993:SSL Service=Imap4] User is authenticated but not connected.
2026-04-19 13:03:52,868 - email_utils - ERROR - [ThreadPoolExecutor-1_0] - IMAP错误: [Error="NoPrimarySmtpAddress" AuthResultFromPopImapEnd=24 Proxy=TY0PR06MB4893.apcprd06.prod.outlook.com:1993:SSL Service=Imap4] User is authenticated but not connected.
2026-04-19 13:03:57,629 - email_utils - ERROR - [ThreadPoolExecutor-1_0] - IMAP错误: [Error="NoPrimarySmtpAddress" AuthResultFromPopImapEnd=24 Proxy=SEYPR01MB4439.apcprd01.prod.exchangelabs.com:1993:SSL Service=Imap4] User is authenticated but not connected.
2026-04-19 13:04:51,276 - email_utils - ERROR - [ThreadPoolExecutor-1_0] - IMAP错误: [Error="NoPrimarySmtpAddress" AuthResultFromPopImapEnd=24 Proxy=KL1PR01MB6081.apcprd01.prod.exchangelabs.com:1993:SSL Service=Imap4] User is authenticated but not connected.
2026-04-19 13:04:54,372 - email_utils - ERROR - [ThreadPoolExecutor-1_0] - IMAP错误: [Error="NoPrimarySmtpAddress" AuthResultFromPopImapEnd=24 Proxy=TYSPR06MB6608.apcprd06.PROD.OUTLOOK.COM:1993:SSL Service=Imap4] User is authenticated but not connected.
2026-04-19 13:04:57,828 - email_utils - ERROR - [ThreadPoolExecutor-1_0] - IMAP错误: [Error="NoPrimarySmtpAddress" AuthResultFromPopImapEnd=24 Proxy=TYZPR01MB7023.apcprd01.prod.exchangelabs.com:1993:SSL Service=Imap4] User is authenticated but not connected.
2026-04-19 13:05:51,463 - email_utils - ERROR - [ThreadPoolExecutor-1_0] - IMAP错误: SELECT command error: BAD [b'Command Error. 12']
2026-04-19 13:05:53,687 - email_utils - ERROR - [ThreadPoolExecutor-1_0] - IMAP错误: AUTHENTICATE failed.
2026-04-19 13:05:56,699 - email_utils - ERROR - [ThreadPoolExecutor-1_0] - IMAP错误: [Error="NoPrimarySmtpAddress" AuthResultFromPopImapEnd=24 Proxy=KL1PR02MB7003.apcprd02.PROD.OUTLOOK.COM:1993:SSL Service=Imap4] User is authenticated but not connected.
2026-04-19 13:06:22,559 - email_utils - ERROR - [ThreadPoolExecutor-0_0] - IMAP错误: [Error="NoPrimarySmtpAddress" AuthResultFromPopImapEnd=24 Proxy=JH0PR02MB8305.apcprd02.prod.outlook.com:1993:SSL Service=Imap4] User is authenticated but not connected.
2026-04-19 13:06:26,724 - email_utils - ERROR - [ThreadPoolExecutor-0_0] - IMAP错误: [Error="NoPrimarySmtpAddress" AuthResultFromPopImapEnd=24 Proxy=SEYPR02MB5774.apcprd02.PROD.OUTLOOK.COM:1993:SSL Service=Imap4] User is authenticated but not connected.
2026-04-19 13:06:29,949 - email_utils - ERROR - [ThreadPoolExecutor-0_0] - IMAP错误: [Error="NoPrimarySmtpAddress" AuthResultFromPopImapEnd=24 Proxy=SE2PPFAB9E5241A.apcprd02.PROD.OUTLOOK.COM:1993:SSL Service=Imap4] User is authenticated but not connected.
2026-04-19 13:06:53,213 - email_utils - ERROR - [ThreadPoolExecutor-1_0] - IMAP错误: [Error="NoPrimarySmtpAddress" AuthResultFromPopImapEnd=24 Proxy=KUXPR06MB8294.apcprd06.PROD.OUTLOOK.COM:1993:SSL Service=Imap4] User is authenticated but not connected.
2026-04-19 13:06:56,432 - email_utils - ERROR - [ThreadPoolExecutor-1_0] - IMAP错误: [Error="NoPrimarySmtpAddress" AuthResultFromPopImapEnd=24 Proxy=TYZPR01MB5240.apcprd01.prod.exchangelabs.com:1993:SSL Service=Imap4] User is authenticated but not connected.
2026-04-19 13:06:59,690 - email_utils - ERROR - [ThreadPoolExecutor-1_0] - IMAP错误: [Error="NoPrimarySmtpAddress" AuthResultFromPopImapEnd=24 Proxy=SEZPR06MB5094.apcprd06.prod.outlook.com:1993:SSL Service=Imap4] User is authenticated but not connected.
2026-04-19 13:07:53,440 - email_utils - ERROR - [ThreadPoolExecutor-1_0] - IMAP错误: [Error="NoPrimarySmtpAddress" AuthResultFromPopImapEnd=24 Proxy=KL1PR02MB7261.apcprd02.prod.outlook.com:1993:SSL Service=Imap4] User is authenticated but not connected.
2026-04-19 13:07:56,910 - email_utils - ERROR - [ThreadPoolExecutor-1_0] - IMAP错误: [Error="NoPrimarySmtpAddress" AuthResultFromPopImapEnd=24 Proxy=SEZPR02MB6948.apcprd02.PROD.OUTLOOK.COM:1993:SSL Service=Imap4] User is authenticated but not connected.
2026-04-19 13:08:00,048 - email_utils - ERROR - [ThreadPoolExecutor-1_0] - IMAP错误: SELECT command error: BAD [b'Command Error. 12']
2026-04-19 13:08:54,752 - email_utils - ERROR - [ThreadPoolExecutor-1_0] - IMAP错误: [Error="NoPrimarySmtpAddress" AuthResultFromPopImapEnd=24 Proxy=TYQPR02MB8868.apcprd02.PROD.OUTLOOK.COM:1993:SSL Service=Imap4] User is authenticated but not connected.
2026-04-19 13:08:57,814 - email_utils - ERROR - [ThreadPoolExecutor-1_0] - IMAP错误: [Error="NoPrimarySmtpAddress" AuthResultFromPopImapEnd=24 Proxy=TYZPR04MB5782.apcprd04.prod.outlook.com:1993:SSL Service=Imap4] User is authenticated but not connected.
2026-04-19 13:09:00,607 - email_utils - ERROR - [ThreadPoolExecutor-1_0] - IMAP错误: [Error="NoPrimarySmtpAddress" AuthResultFromPopImapEnd=24 Proxy=JH0PR02MB6657.apcprd02.prod.outlook.com:1993:SSL Service=Imap4] User is authenticated but not connected.
2026-04-19 13:09:55,848 - email_utils - ERROR - [ThreadPoolExecutor-1_0] - IMAP错误: [Error="NoPrimarySmtpAddress" AuthResultFromPopImapEnd=24 Proxy=TYUPR01MB5203.apcprd01.prod.exchangelabs.com:1993:SSL Service=Imap4] User is authenticated but not connected.
2026-04-19 13:09:59,189 - email_utils - ERROR - [ThreadPoolExecutor-1_0] - IMAP错误: [Error="NoPrimarySmtpAddress" AuthResultFromPopImapEnd=24 Proxy=SEYPR01MB5268.apcprd01.prod.exchangelabs.com:1993:SSL Service=Imap4] User is authenticated but not connected.
2026-04-19 13:10:02,208 - email_utils - ERROR - [ThreadPoolExecutor-1_0] - IMAP错误: [Error="NoPrimarySmtpAddress" AuthResultFromPopImapEnd=24 Proxy=TY0PR06MB6881.apcprd06.prod.outlook.com:1993:SSL Service=Imap4] User is authenticated but not connected.
2026-04-19 13:10:56,922 - email_utils - ERROR - [ThreadPoolExecutor-1_0] - IMAP错误: [Error="NoPrimarySmtpAddress" AuthResultFromPopImapEnd=24 Proxy=TYZPR01MB5037.apcprd01.prod.exchangelabs.com:1993:SSL Service=Imap4] User is authenticated but not connected.
2026-04-19 13:11:00,011 - email_utils - ERROR - [ThreadPoolExecutor-1_0] - IMAP错误: [Error="NoPrimarySmtpAddress" AuthResultFromPopImapEnd=24 Proxy=SI2PR02MB4889.apcprd02.prod.outlook.com:1993:SSL Service=Imap4] User is authenticated but not connected.
2026-04-19 13:11:03,283 - email_utils - ERROR - [ThreadPoolExecutor-1_0] - IMAP错误: [Error="NoPrimarySmtpAddress" AuthResultFromPopImapEnd=24 Proxy=JH0PR02MB8724.apcprd02.prod.outlook.com:1993:SSL Service=Imap4] User is authenticated but not connected.
2026-04-19 13:11:59,076 - email_utils - ERROR - [ThreadPoolExecutor-1_0] - IMAP错误: [Error="NoPrimarySmtpAddress" AuthResultFromPopImapEnd=24 Proxy=TYPPR04MB8932.apcprd04.prod.outlook.com:1993:SSL Service=Imap4] User is authenticated but not connected.
2026-04-19 13:12:03,347 - email_utils - ERROR - [ThreadPoolExecutor-1_0] - IMAP错误: [Error="NoPrimarySmtpAddress" AuthResultFromPopImapEnd=24 Proxy=KUXPR02MB9263.apcprd02.prod.outlook.com:1993:SSL Service=Imap4] User is authenticated but not connected.
2026-04-19 13:12:06,906 - email_utils - ERROR - [ThreadPoolExecutor-1_0] - IMAP错误: [Error="NoPrimarySmtpAddress" AuthResultFromPopImapEnd=24 Proxy=PS1PPFD4FFB25FA.apcprd02.prod.outlook.com:1993:SSL Service=Imap4] User is authenticated but not connected.
2026-04-19 13:12:58,567 - email_utils - ERROR - [ThreadPoolExecutor-1_0] - IMAP错误: [Error="NoPrimarySmtpAddress" AuthResultFromPopImapEnd=24 Proxy=SI2PR03MB6710.apcprd03.prod.outlook.com:1993:SSL Service=Imap4] User is authenticated but not connected.
2026-04-19 13:13:03,640 - email_utils - ERROR - [ThreadPoolExecutor-1_0] - IMAP错误: [Error="NoPrimarySmtpAddress" AuthResultFromPopImapEnd=24 Proxy=SEYPR01MB7148.apcprd01.prod.exchangelabs.com:1993:SSL Service=Imap4] User is authenticated but not connected.
2026-04-19 13:13:05,868 - email_utils - ERROR - [ThreadPoolExecutor-1_0] - IMAP错误: AUTHENTICATE failed.
2026-04-19 13:14:00,427 - email_utils - ERROR - [ThreadPoolExecutor-1_0] - IMAP错误: [Error="NoPrimarySmtpAddress" AuthResultFromPopImapEnd=24 Proxy=TYZPR02MB8376.apcprd02.PROD.OUTLOOK.COM:1993:SSL Service=Imap4] User is authenticated but not connected.
2026-04-19 13:14:03,278 - email_utils - ERROR - [ThreadPoolExecutor-1_0] - IMAP错误: [Error="NoPrimarySmtpAddress" AuthResultFromPopImapEnd=24 Proxy=SI2PR02MB6117.apcprd02.prod.outlook.com:1993:SSL Service=Imap4] User is authenticated but not connected.
2026-04-19 13:14:05,614 - email_utils - ERROR - [ThreadPoolExecutor-1_0] - IMAP错误: AUTHENTICATE failed.
2026-04-19 13:15:00,754 - email_utils - ERROR - [ThreadPoolExecutor-1_0] - IMAP错误: [Error="NoPrimarySmtpAddress" AuthResultFromPopImapEnd=24 Proxy=SI6PR06MB7659.apcprd06.prod.outlook.com:1993:SSL Service=Imap4] User is authenticated but not connected.
2026-04-19 13:15:03,799 - email_utils - ERROR - [ThreadPoolExecutor-1_0] - IMAP错误: [Error="NoPrimarySmtpAddress" AuthResultFromPopImapEnd=24 Proxy=SEZPR06MB6288.apcprd06.prod.outlook.com:1993:SSL Service=Imap4] User is authenticated but not connected.
2026-04-19 13:15:07,256 - email_utils - ERROR - [ThreadPoolExecutor-1_0] - IMAP错误: [Error="NoPrimarySmtpAddress" AuthResultFromPopImapEnd=24 Proxy=OSNPR02MB9244.apcprd02.prod.outlook.com:1993:SSL Service=Imap4] User is authenticated but not connected.
2026-04-19 13:16:02,208 - email_utils - ERROR - [ThreadPoolExecutor-1_0] - IMAP错误: [Error="NoPrimarySmtpAddress" AuthResultFromPopImapEnd=24 Proxy=SEYPR06MB6662.apcprd06.prod.outlook.com:1993:SSL Service=Imap4] User is authenticated but not connected.
2026-04-19 13:16:06,120 - email_utils - ERROR - [ThreadPoolExecutor-1_0] - IMAP错误: [Error="NoPrimarySmtpAddress" AuthResultFromPopImapEnd=24 Proxy=TYQPR02MB8916.apcprd02.prod.outlook.com:1993:SSL Service=Imap4] User is authenticated but not connected.
2026-04-19 13:16:09,441 - email_utils - ERROR - [ThreadPoolExecutor-1_0] - IMAP错误: [Error="NoPrimarySmtpAddress" AuthResultFromPopImapEnd=24 Proxy=KL1PR02MB4562.apcprd02.prod.outlook.com:1993:SSL Service=Imap4] User is authenticated but not connected.
2026-04-19 13:17:02,183 - email_utils - ERROR - [ThreadPoolExecutor-1_0] - IMAP错误: AUTHENTICATE failed.
2026-04-19 13:17:05,406 - email_utils - ERROR - [ThreadPoolExecutor-1_0] - IMAP错误: SELECT command error: BAD [b'Command Error. 12']
2026-04-19 13:17:08,851 - email_utils - ERROR - [ThreadPoolExecutor-1_0] - IMAP错误: [Error="NoPrimarySmtpAddress" AuthResultFromPopImapEnd=24 Proxy=TY0PR02MB6857.apcprd02.prod.outlook.com:1993:SSL Service=Imap4] User is authenticated but not connected.
2026-04-19 13:18:04,183 - email_utils - ERROR - [ThreadPoolExecutor-1_0] - IMAP错误: [Error="NoPrimarySmtpAddress" AuthResultFromPopImapEnd=24 Proxy=TYUPR02MB6276.apcprd02.prod.outlook.com:1993:SSL Service=Imap4] User is authenticated but not connected.
2026-04-19 13:18:08,501 - email_utils - ERROR - [ThreadPoolExecutor-1_0] - IMAP错误: [Error="NoPrimarySmtpAddress" AuthResultFromPopImapEnd=24 Proxy=OSNPR01MB7697.apcprd01.prod.exchangelabs.com:1993:SSL Service=Imap4] User is authenticated but not connected.
2026-04-19 13:18:10,786 - email_utils - ERROR - [ThreadPoolExecutor-1_0] - IMAP错误: AUTHENTICATE failed.
2026-04-19 14:22:55,593 - email_utils - ERROR - [ThreadPoolExecutor-1_0] - Outlook IMAP error: [Error="NoPrimarySmtpAddress" AuthResultFromPopImapEnd=24 Proxy=SEL0PF7BE770696.apcprd01.prod.exchangelabs.com:1993:SSL Service=Imap4] User is authenticated but not connected.
2026-04-19 14:22:58,966 - email_utils - ERROR - [ThreadPoolExecutor-1_0] - Outlook IMAP error: [Error="NoPrimarySmtpAddress" AuthResultFromPopImapEnd=24 Proxy=TY2PPF193787BBC.apcprd01.prod.exchangelabs.com:1993:SSL Service=Imap4] User is authenticated but not connected.
2026-04-19 14:23:02,053 - email_utils - ERROR - [ThreadPoolExecutor-1_0] - Outlook IMAP error: [Error="NoPrimarySmtpAddress" AuthResultFromPopImapEnd=24 Proxy=TYZPR04MB6954.apcprd04.prod.outlook.com:1993:SSL Service=Imap4] User is authenticated but not connected.
2026-04-19 22:56:11,819 - email_utils - ERROR - [ThreadPoolExecutor-1_0] - Fetch Outlook IMAP mails failed: [SSL: UNEXPECTED_EOF_WHILE_READING] EOF occurred in violation of protocol (_ssl.c:1020)
2026-04-19 22:56:17,827 - email_utils - ERROR - [ThreadPoolExecutor-1_0] - Fetch Outlook IMAP mails failed: [SSL: UNEXPECTED_EOF_WHILE_READING] EOF occurred in violation of protocol (_ssl.c:1020)
2026-04-19 22:56:23,831 - email_utils - ERROR - [ThreadPoolExecutor-1_0] - Fetch Outlook IMAP mails failed: [SSL: UNEXPECTED_EOF_WHILE_READING] EOF occurred in violation of protocol (_ssl.c:1020)
2026-04-19 22:57:12,934 - email_utils - ERROR - [ThreadPoolExecutor-1_0] - Fetch Outlook IMAP mails failed: [SSL: UNEXPECTED_EOF_WHILE_READING] EOF occurred in violation of protocol (_ssl.c:1020)
2026-04-19 22:57:18,939 - email_utils - ERROR - [ThreadPoolExecutor-1_0] - Fetch Outlook IMAP mails failed: [SSL: UNEXPECTED_EOF_WHILE_READING] EOF occurred in violation of protocol (_ssl.c:1020)
2026-04-19 22:57:24,944 - email_utils - ERROR - [ThreadPoolExecutor-1_0] - Fetch Outlook IMAP mails failed: [SSL: UNEXPECTED_EOF_WHILE_READING] EOF occurred in violation of protocol (_ssl.c:1020)
